Modules list:
-------------
crt0.o:
    STARTUP           Offs=000000  Size=00001C  Align=00001  Fill=0000
interrupt.o:
    CODE              Offs=000000  Size=000013  Align=00001  Fill=0000
vectors.o:
    VECTORS           Offs=000000  Size=000006  Align=00001  Fill=0000
main.o:
    CODE              Offs=000013  Size=000005  Align=00001  Fill=0000
C:\work\6502\toolchain\cc65/lib/supervision.lib(condes.o):
    CODE              Offs=000018  Size=00000C  Align=00001  Fill=0000
    DATA              Offs=000000  Size=000025  Align=00001  Fill=0000
    ONCE              Offs=000000  Size=00000C  Align=00001  Fill=0000
C:\work\6502\toolchain\cc65/lib/supervision.lib(copydata.o):
    CODE              Offs=000024  Size=00002D  Align=00001  Fill=0000
C:\work\6502\toolchain\cc65/lib/supervision.lib(zerobss.o):
    CODE              Offs=000051  Size=000023  Align=00001  Fill=0000
C:\work\6502\toolchain\cc65/lib/supervision.lib(zeropage.o):
    ZEROPAGE          Offs=000000  Size=00001A  Align=00001  Fill=0000


Segment list:
-------------
Name                   Start     End    Size  Align
----------------------------------------------------
ZEROPAGE              000000  000019  00001A  00001
DATA                  000200  000224  000025  00001
STARTUP               008025  008040  00001C  00001
ONCE                  008041  00804C  00000C  00001
CODE                  00804D  0080C0  000074  00001
VECTORS               00FFFA  00FFFF  000006  00001


Exports list by name:
---------------------
__BSS_RUN__               000225 RLA    __BSS_SIZE__              000000 REA    
__CONSTRUCTOR_COUNT__     000000 REA    __CONSTRUCTOR_TABLE__     0080C1 RLA    
__DATA_LOAD__             008000 RLA    __DATA_RUN__              000200 RLA    
__DATA_SIZE__             000025 REA    __DESTRUCTOR_COUNT__      000000 REA    
__DESTRUCTOR_TABLE__      0080C1 RLA    __STARTUP__               000001 REA    
_init                     008025 RLA    _irq_int                  00804E RLA    
_main                     008060 RLA    _nmi_int                  00804D RLA    
_stop                     008064 RLA    copydata                  008071 RLA    
donelib                   008065 RLA    initlib                   008041 RLA    
ptr1                      000008 RLZ    ptr2                      00000A RLZ    
sp                        000000 RLZ    tmp1                      000010 RLZ    
zerobss                   00809E RLA    


Exports list by value:
----------------------
sp                        000000 RLZ    __BSS_SIZE__              000000 REA    
__CONSTRUCTOR_COUNT__     000000 REA    __DESTRUCTOR_COUNT__      000000 REA    
__STARTUP__               000001 REA    ptr1                      000008 RLZ    
ptr2                      00000A RLZ    tmp1                      000010 RLZ    
__DATA_SIZE__             000025 REA    __DATA_RUN__              000200 RLA    
__BSS_RUN__               000225 RLA    __DATA_LOAD__             008000 RLA    
_init                     008025 RLA    initlib                   008041 RLA    
_nmi_int                  00804D RLA    _irq_int                  00804E RLA    
_main                     008060 RLA    _stop                     008064 RLA    
donelib                   008065 RLA    copydata                  008071 RLA    
zerobss                   00809E RLA    __CONSTRUCTOR_TABLE__     0080C1 RLA    
__DESTRUCTOR_TABLE__      0080C1 RLA    


Imports list:
-------------
__BSS_RUN__ ([linker generated]):
    zerobss.o                 common/zerobss.s(8)
__BSS_SIZE__ ([linker generated]):
    zerobss.o                 common/zerobss.s(8)
__CONSTRUCTOR_COUNT__ ([linker generated]):
    condes.o                  runtime/condes.s(18)
__CONSTRUCTOR_TABLE__ ([linker generated]):
    condes.o                  runtime/condes.s(18)
__DATA_LOAD__ ([linker generated]):
    copydata.o                common/copydata.s(8)
__DATA_RUN__ ([linker generated]):
    copydata.o                common/copydata.s(8)
__DATA_SIZE__ ([linker generated]):
    copydata.o                common/copydata.s(8)
__DESTRUCTOR_COUNT__ ([linker generated]):
    condes.o                  runtime/condes.s(19)
__DESTRUCTOR_TABLE__ ([linker generated]):
    condes.o                  runtime/condes.s(19)
__STARTUP__ (crt0.o):
    main.o                    main.s(13)
_init (crt0.o):
    vectors.o                 vectors.s(8)
_irq_int (interrupt.o):
    vectors.o                 vectors.s(9)
_main (main.o):
    crt0.o                    crt0.s(8)
_nmi_int (interrupt.o):
    vectors.o                 vectors.s(9)
_stop (main.o):
    interrupt.o               interrupt.s(9)
copydata (copydata.o):
    crt0.o                    crt0.s(13)
donelib (condes.o):
    crt0.o                    crt0.s(13)
initlib (condes.o):
    crt0.o                    crt0.s(13)
ptr1 (zeropage.o):
    zerobss.o                 common/zerobss.s(9)
    copydata.o                common/copydata.s(9)
ptr2 (zeropage.o):
    copydata.o                common/copydata.s(9)
sp (zeropage.o):
    crt0.o                    C:\work\6502\toolchain\cc65/asminc/zeropage.inc(11)
tmp1 (zeropage.o):
    copydata.o                common/copydata.s(9)
zerobss (zerobss.o):
    crt0.o                    crt0.s(13)

